[www.fernandopuente.es/index.html]
[backblue.gif]
[fade.gif]
[index.html]
[www.fernandopuente.es/dist/images/rrss.jpg]
[use.typekit.net/yaq2dxp.css]
[www.fernandopuente.es/about.html]
[www.fernandopuente.es/archive.html]
[www.fernandopuente.es/assets/images/heroMobile1.mp4]
[www.fernandopuente.es/assets/images/home/hero.jpg]
[www.fernandopuente.es/works/pradomuseum.html]
[www.fernandopuente.es/assets/images/cases/case03/prado_home_mobile.jpg]
[www.fernandopuente.es/assets/images/cases/case03/prado_home.jpg]
[www.fernandopuente.es/works/ansorena.html]
[www.fernandopuente.es/assets/images/cases/case09/ansorena_home_mobile.jpg]
[www.fernandopuente.es/assets/images/cases/case09/ansorena_home.jpg]
[www.fernandopuente.es/works/elgrito.html]
[www.fernandopuente.es/assets/images/cases/case10/elgrito_home_mobile.jpg]
[www.fernandopuente.es/assets/images/cases/case10/elgrito_home.jpg]
[www.fernandopuente.es/works/tastavents.html]
[www.fernandopuente.es/assets/images/cases/case11/tastavents_home_mobile.jpg]
[www.fernandopuente.es/assets/images/cases/case11/tastavents_home.jpg]
[www.fernandopuente.es/works/miramono.html]
[www.fernandopuente.es/assets/images/cases/case01/miramono_home_mobile.jpg]
[www.fernandopuente.es/assets/images/cases/case01/miramono_home.jpg]
[www.fernandopuente.es/assets/images/reach.jpg]
[cdnjs.cloudflare.com/ajax/libs/gsap/3.12.0/gsap.min.js]
[cdnjs.cloudflare.com/ajax/libs/gsap/3.12.0/CustomEase.min.js]
[cdnjs.cloudflare.com/ajax/libs/gsap/3.3.1/ScrollTrigger.min.js]
[cdn.jsdelivr.net/gh/studio-freight/lenis@1/bundled/lenis.min.js]
[www.fernandopuente.es/assets/js/bundle.min.js]
[www.fernandopuente.es/assets/js/index.min.js]
[www.fernandopuente.es/index.html]
[www.fernandopuente.es/dist/images/rrss.html]
[www.fernandopuente.es/assets/css/main.min.css]
[use.typekit.net/af/7d382a/00000000000000007735a11b/30/le196]
[use.typekit.net/af/7d382a/00000000000000007735a11b/30/de196]
[use.typekit.net/af/7d382a/00000000000000007735a11b/30/ae196]
[use.typekit.net/af/275cbc/00000000000000007735a125/30/l652f]
[use.typekit.net/af/275cbc/00000000000000007735a125/30/d652f]
[use.typekit.net/af/275cbc/00000000000000007735a125/30/a652f]
[use.typekit.net/af/eda66c/00000000000000003b9ae4cc/27/laf99]
[use.typekit.net/af/eda66c/00000000000000003b9ae4cc/27/daf99]
[use.typekit.net/af/eda66c/00000000000000003b9ae4cc/27/aaf99]
[use.typekit.net/af/85f802/00000000000000003b9ae4cd/27/le003]
[use.typekit.net/af/85f802/00000000000000003b9ae4cd/27/de003]
[use.typekit.net/af/85f802/00000000000000003b9ae4cd/27/ae003]
[use.typekit.net/af/ef454a/00000000000000003b9ae4ce/27/l5bba]
[use.typekit.net/af/ef454a/00000000000000003b9ae4ce/27/d5bba]
[use.typekit.net/af/ef454a/00000000000000003b9ae4ce/27/a5bba]
[use.typekit.net/af/f088cf/00000000000000003b9ae4cf/27/l1f8b]
[use.typekit.net/af/f088cf/00000000000000003b9ae4cf/27/d1f8b]
[use.typekit.net/af/f088cf/00000000000000003b9ae4cf/27/a1f8b]
[use.typekit.net/af/1c001a/00000000000000003b9ae4d0/27/le265]
[use.typekit.net/af/1c001a/00000000000000003b9ae4d0/27/de265]
[use.typekit.net/af/1c001a/00000000000000003b9ae4d0/27/ae265]
[use.typekit.net/af/9c195d/00000000000000003b9ae4d1/27/l652f]
[use.typekit.net/af/9c195d/00000000000000003b9ae4d1/27/d652f]
[use.typekit.net/af/9c195d/00000000000000003b9ae4d1/27/a652f]
[use.typekit.net/yaq2dxp.css]
[www.fernandopuente.es/assets/images/about/image1.jpg]
[www.fernandopuente.es/assets/images/about/image2.jpg]
[www.fernandopuente.es/assets/js/loop.js]
[www.fernandopuente.es/about.html]
[www.fernandopuente.es/assets/images/archive/archive015.jpg]
[www.fernandopuente.es/assets/images/archive/archive002.jpg]
[www.fernandopuente.es/assets/images/archive/archive003.jpg]
[www.fernandopuente.es/assets/images/archive/archive004.jpg]
[www.fernandopuente.es/assets/images/archive/archive005.jpg]
[www.fernandopuente.es/assets/images/archive/archive006.jpg]
[www.fernandopuente.es/assets/images/archive/archive007.jpg]
[www.fernandopuente.es/assets/images/archive/archive008.jpg]
[www.fernandopuente.es/assets/images/archive/archive009.jpg]
[www.fernandopuente.es/assets/images/archive/archive010.jpg]
[www.fernandopuente.es/assets/images/archive/archive011.jpg]
[www.fernandopuente.es/assets/images/archive/archive012.jpg]
[www.fernandopuente.es/assets/images/archive/archive013.jpg]
[www.fernandopuente.es/assets/images/archive/archive014.jpg]
[www.fernandopuente.es/assets/images/archive/archive025.jpg]
[www.fernandopuente.es/assets/images/archive/archive016.jpg]
[www.fernandopuente.es/assets/images/archive/archive017.jpg]
[www.fernandopuente.es/assets/images/archive/archive018.jpg]
[www.fernandopuente.es/assets/images/archive/archive019.jpg]
[www.fernandopuente.es/assets/images/archive/archive020.jpg]
[www.fernandopuente.es/assets/images/archive/archive021.jpg]
[www.fernandopuente.es/assets/images/archive/archive022.jpg]
[www.fernandopuente.es/assets/images/archive/archive024.jpg]
[www.fernandopuente.es/assets/images/archive/archive023.jpg]
[www.fernandopuente.es/assets/images/archive/archive027.jpg]
[www.fernandopuente.es/assets/images/archive/archive026.jpg]
[www.fernandopuente.es/assets/images/archive/archive028.jpg]
[www.fernandopuente.es/assets/images/archive/archive029.jpg]
[assets.codepen.io/16327/gsap-latest-beta.min34aa.js]
[assets.codepen.io/16327/ScrollTrigger.min34aa.js]
[www.fernandopuente.es/archive.html]
[cdn.jsdelivr.net/gh/studio-freight/lenis@latest/bundled/lenis.js]
[www.fernandopuente.es/assets/images/cases/case03/hero.jpg]
[www.fernandopuente.es/assets/images/cases/case03/image2.jpg]
[www.fernandopuente.es/assets/images/cases/case03/image3.jpg]
[www.fernandopuente.es/assets/images/cases/case03/image4.jpg]
[www.fernandopuente.es/assets/images/cases/case03/image5.jpg]
[www.fernandopuente.es/assets/images/cases/case03/image6.jpg]
[www.fernandopuente.es/assets/images/cases/case03/image7.jpg]
[www.fernandopuente.es/assets/images/cases/case09/related.jpg]
[www.fernandopuente.es/assets/images/cases/case10/related.jpg]
[www.fernandopuente.es/assets/images/cases/case11/related.jpg]
[www.fernandopuente.es/works/pradomuseum.html]
[www.fernandopuente.es/assets/images/cases/case09/hero.jpg]
[www.fernandopuente.es/assets/images/cases/case09/image1.jpg]
[www.fernandopuente.es/assets/images/cases/case09/image2.jpg]
[www.fernandopuente.es/assets/images/cases/case09/image3.jpg]
[www.fernandopuente.es/assets/images/cases/case09/image4.jpg]
[www.fernandopuente.es/assets/images/cases/case09/image5.jpg]
[www.fernandopuente.es/assets/images/cases/case09/image6.jpg]
[www.fernandopuente.es/assets/images/cases/case09/image7.jpg]
[www.fernandopuente.es/assets/images/cases/case09/image8.jpg]
[www.fernandopuente.es/assets/images/cases/case09/image9.jpg]
[www.fernandopuente.es/assets/images/cases/case09/image10.jpg]
[www.fernandopuente.es/assets/images/cases/case03/related.jpg]
[www.fernandopuente.es/works/ansorena.html]
[www.fernandopuente.es/assets/images/cases/case10/hero.jpg]
[www.fernandopuente.es/assets/images/cases/case10/image1.jpg]
[www.fernandopuente.es/assets/images/cases/case10/image2.jpg]
[www.fernandopuente.es/assets/images/cases/case10/image3.jpg]
[www.fernandopuente.es/assets/images/cases/case10/image4.jpg]
[www.fernandopuente.es/assets/images/cases/case10/image5.jpg]
[www.fernandopuente.es/assets/images/cases/case10/image6.jpg]
[www.fernandopuente.es/assets/images/cases/case10/image7.jpg]
[www.fernandopuente.es/assets/images/cases/case10/image8.jpg]
[www.fernandopuente.es/assets/images/cases/case10/image9.jpg]
[www.fernandopuente.es/assets/images/cases/case10/image10.jpg]
[www.fernandopuente.es/assets/images/cases/case10/image11.jpg]
[www.fernandopuente.es/assets/images/cases/case01/related.jpg]
[www.fernandopuente.es/works/elgrito.html]
[www.fernandopuente.es/assets/images/cases/case11/hero.jpg]
[www.fernandopuente.es/assets/images/cases/case11/image1.jpg]
[www.fernandopuente.es/assets/images/cases/case11/video2.mp4]
[www.fernandopuente.es/assets/images/cases/case11/image3.jpg]
[www.fernandopuente.es/assets/images/cases/case11/video1.mp4]
[www.fernandopuente.es/assets/images/cases/case11/image5.jpg]
[www.fernandopuente.es/assets/images/cases/case11/image6.jpg]
[www.fernandopuente.es/assets/images/cases/case11/image7.jpg]
[www.fernandopuente.es/assets/images/cases/case11/image8.jpg]
[www.fernandopuente.es/assets/images/cases/case11/image9.jpg]
[www.fernandopuente.es/assets/images/cases/case11/image10.jpg]
[www.fernandopuente.es/assets/images/cases/case11/image11.jpg]
[www.fernandopuente.es/assets/images/cases/case11/image12.jpg]
[www.fernandopuente.es/works/tastavents.html]
[www.fernandopuente.es/assets/images/cases/case01/hero.jpg]
[www.fernandopuente.es/assets/images/cases/case01/video.MP4]
[www.fernandopuente.es/assets/images/cases/case01/image2.jpg]
[www.fernandopuente.es/assets/images/cases/case01/image1.jpg]
[www.fernandopuente.es/assets/images/cases/case01/image4.jpg]
[www.fernandopuente.es/assets/images/cases/case01/image3.jpg]
[www.fernandopuente.es/assets/images/cases/case01/image5.jpg]
[www.fernandopuente.es/assets/images/cases/case01/video2.MP4]
[www.fernandopuente.es/assets/images/cases/case01/image6.jpg]
[www.fernandopuente.es/assets/images/cases/case01/video3.MP4]
[www.fernandopuente.es/assets/images/cases/case01/image7.jpg]
[www.fernandopuente.es/assets/images/cases/case01/image9.jpg]
[www.fernandopuente.es/assets/images/cases/case01/image10.jpg]
[www.fernandopuente.es/works/miramono.html]
[www.fernandopuente.es/assets/images/home/line.svg]
[p.typekit.net/p1ec1.css]
